---- exec command line 1: [validate]
┌──────────────────────────────────────────────────────────────────────────────┐
│                                                                              │
│                          No validation errors found                          │
│                                                                              │
└──────────────────────────────────────────────────────────────────────────────┘
