--------------------------------------------------------------------------------
- Output of command from line 1 in [tests/echo.run]:
- [exec]
--------------------------------------------------------------------------------

[38;2;110;223;246m[38;2;110;223;246mRunning exec command for assignment [ OUTPUT ][m[m
[38;2;164;167;170m[38;2;164;167;170m  Command: [ echo 'it works, yay!' ][m[m
[38;2;117;183;152m[38;2;117;183;152m  Output : [ it works, yay! ][m[m
[38;2;117;183;152m  Validation succeeded[m

[38;2;117;183;152mAll exec commands completed successfully[m
[38;2;117;183;152mFile successfully saved[m
