--------------------------------------------------------------------------------
- Output of command from line 1 in [tests/no-interpolation.run]:
- [print --no-color]
--------------------------------------------------------------------------------

KEY_A="hello"
KEY_B="hello"


--------------------------------------------------------------------------------
- Output of command from line 2 in [tests/no-interpolation.run]:
- [print --no-color --no-interpolation]
--------------------------------------------------------------------------------

KEY_A="hello"
KEY_B="${KEY_A}"

