--------------------------------------------------------------------------------
- Output of command from line 1 in [tests/full.run]:
- [print --no-color --pretty]
--------------------------------------------------------------------------------

[38;2;117;183;152m################################################################################[m
[1;38;2;117;183;152m# My first group[m
[38;2;117;183;152m################################################################################[m

[38;2;110;168;254mKEY_A[m[38;2;164;167;170m=[m[38;2;117;183;152m"[m[38;2;255;218;106mI'm key A[m[38;2;117;183;152m"[m

[38;2;117;183;152m# Comment for KEY_B[m
[38;2;110;168;254mKEY_B[m[38;2;164;167;170m=[m[38;2;117;183;152m"[m[38;2;255;218;106mI'm key B[m[38;2;117;183;152m"[m

[38;2;110;168;254mKEY_C[m[38;2;164;167;170m=[m[38;2;117;183;152m"[m[38;2;255;218;106mI'm key C[m[38;2;117;183;152m"[m

[38;2;117;183;152m################################################################################[m
[1;38;2;117;183;152m# My Second group[m
[38;2;117;183;152m################################################################################[m

[38;2;110;168;254mGROUP_TWO_A[m[38;2;164;167;170m=[m[38;2;117;183;152m"[m[38;2;255;218;106mhello[m[38;2;117;183;152m"[m

[38;2;117;183;152m# This is nice, format me[m
[38;2;110;168;254mGROUP_TWO_A[m[38;2;164;167;170m=[m[38;2;117;183;152m"[m[38;2;255;218;106mWORLD[m[38;2;117;183;152m"[m

[38;2;117;183;152m################################################################################[m
[1;38;2;117;183;152m# My Third group[m
[38;2;117;183;152m################################################################################[m

[38;2;117;183;152m# A Comment[m

[38;2;117;183;152m# Another comment[m
[38;2;117;183;152m# with two lines[m

[38;2;110;168;254mSECRET[m[38;2;164;167;170m=[m[38;2;117;183;152m[m[38;2;255;218;106mKEY[m[38;2;117;183;152m[m


--------------------------------------------------------------------------------
- Output of command from line 2 in [tests/full.run]:
- [print --no-color --pretty --group *Third*]
--------------------------------------------------------------------------------

[38;2;117;183;152m################################################################################[m
[1;38;2;117;183;152m# My Third group[m
[38;2;117;183;152m################################################################################[m

[38;2;117;183;152m# A Comment[m

[38;2;117;183;152m# Another comment[m
[38;2;117;183;152m# with two lines[m

[38;2;110;168;254mSECRET[m[38;2;164;167;170m=[m[38;2;117;183;152m[m[38;2;255;218;106mKEY[m[38;2;117;183;152m[m


--------------------------------------------------------------------------------
- Output of command from line 3 in [tests/full.run]:
- [print --no-color --pretty --group *group*]
--------------------------------------------------------------------------------

[38;2;117;183;152m################################################################################[m
[1;38;2;117;183;152m# My first group[m
[38;2;117;183;152m################################################################################[m

[38;2;110;168;254mKEY_A[m[38;2;164;167;170m=[m[38;2;117;183;152m"[m[38;2;255;218;106mI'm key A[m[38;2;117;183;152m"[m

[38;2;110;168;254mKEY_B[m[38;2;164;167;170m=[m[38;2;117;183;152m"[m[38;2;255;218;106mI'm key B[m[38;2;117;183;152m"[m

[38;2;110;168;254mKEY_C[m[38;2;164;167;170m=[m[38;2;117;183;152m"[m[38;2;255;218;106mI'm key C[m[38;2;117;183;152m"[m

[38;2;117;183;152m################################################################################[m
[1;38;2;117;183;152m# My Second group[m
[38;2;117;183;152m################################################################################[m

[38;2;110;168;254mGROUP_TWO_A[m[38;2;164;167;170m=[m[38;2;117;183;152m"[m[38;2;255;218;106mhello[m[38;2;117;183;152m"[m

[38;2;110;168;254mGROUP_TWO_A[m[38;2;164;167;170m=[m[38;2;117;183;152m"[m[38;2;255;218;106mWORLD[m[38;2;117;183;152m"[m

[38;2;117;183;152m################################################################################[m
[1;38;2;117;183;152m# My Third group[m
[38;2;117;183;152m################################################################################[m

[38;2;117;183;152m# A Comment[m

[38;2;117;183;152m# Another comment[m
[38;2;117;183;152m# with two lines[m

[38;2;110;168;254mSECRET[m[38;2;164;167;170m=[m[38;2;117;183;152m[m[38;2;255;218;106mKEY[m[38;2;117;183;152m[m


--------------------------------------------------------------------------------
- Output of command from line 4 in [tests/full.run]:
- [print --no-color --pretty --group My Second group]
--------------------------------------------------------------------------------

[38;2;117;183;152m################################################################################[m
[1;38;2;117;183;152m# My Second group[m
[38;2;117;183;152m################################################################################[m

[38;2;110;168;254mGROUP_TWO_A[m[38;2;164;167;170m=[m[38;2;117;183;152m"[m[38;2;255;218;106mhello[m[38;2;117;183;152m"[m

[38;2;110;168;254mGROUP_TWO_A[m[38;2;164;167;170m=[m[38;2;117;183;152m"[m[38;2;255;218;106mWORLD[m[38;2;117;183;152m"[m


--------------------------------------------------------------------------------
- Output of command from line 5 in [tests/full.run]:
- [print --no-color --pretty --group my-second-group]
--------------------------------------------------------------------------------

[38;2;117;183;152m################################################################################[m
[1;38;2;117;183;152m# My Second group[m
[38;2;117;183;152m################################################################################[m

[38;2;110;168;254mGROUP_TWO_A[m[38;2;164;167;170m=[m[38;2;117;183;152m"[m[38;2;255;218;106mhello[m[38;2;117;183;152m"[m

[38;2;110;168;254mGROUP_TWO_A[m[38;2;164;167;170m=[m[38;2;117;183;152m"[m[38;2;255;218;106mWORLD[m[38;2;117;183;152m"[m

