--------------------------------------------------------------------------------
- Output of command from line 1 in [tests/full.run]:
- [print --no-color --pretty]
--------------------------------------------------------------------------------

################################################################################
# My first group
################################################################################

KEY_A="I'm key A"

# Comment for KEY_B
KEY_B="I'm key B"

KEY_C="I'm key C"

################################################################################
# My Second group
################################################################################

GROUP_TWO_A="hello"

# This is nice, format me
GROUP_TWO_A="WORLD"

################################################################################
# My Third group
################################################################################

# A Comment

# Another comment
# with two lines

SECRET=KEY


--------------------------------------------------------------------------------
- Output of command from line 2 in [tests/full.run]:
- [print --no-color --pretty --group *Third*]
--------------------------------------------------------------------------------

################################################################################
# My Third group
################################################################################

# A Comment

# Another comment
# with two lines

SECRET=KEY


--------------------------------------------------------------------------------
- Output of command from line 3 in [tests/full.run]:
- [print --no-color --pretty --group *group*]
--------------------------------------------------------------------------------

################################################################################
# My first group
################################################################################

KEY_A="I'm key A"

KEY_B="I'm key B"

KEY_C="I'm key C"

################################################################################
# My Second group
################################################################################

GROUP_TWO_A="hello"

GROUP_TWO_A="WORLD"

################################################################################
# My Third group
################################################################################

# A Comment

# Another comment
# with two lines

SECRET=KEY


--------------------------------------------------------------------------------
- Output of command from line 4 in [tests/full.run]:
- [print --no-color --pretty --group My Second group]
--------------------------------------------------------------------------------

################################################################################
# My Second group
################################################################################

GROUP_TWO_A="hello"

GROUP_TWO_A="WORLD"


--------------------------------------------------------------------------------
- Output of command from line 5 in [tests/full.run]:
- [print --no-color --pretty --group my-second-group]
--------------------------------------------------------------------------------

################################################################################
# My Second group
################################################################################

GROUP_TWO_A="hello"

GROUP_TWO_A="WORLD"

