--------------------------------------------------------------------------------
- Output of command from line 1 in [tests/skip-if-same.run]:
- [set --skip-if-same SOME_KEY=ERROR THIS SHOULD BE CHANGED BY NEXT LINE]
--------------------------------------------------------------------------------

(no output to stderr)

--------------------------------------------------------------------------------
- Output of command from line 2 in [tests/skip-if-same.run]:
- [set --skip-if-same SOME_KEY=SUCCESS]
--------------------------------------------------------------------------------

(no output to stderr)
