--------------------------------------------------------------------------------
- Output of command from line 1 in [tests/default.run]:
- [update --backup-file /tmp/dottie-test-backup.env --no-validate]
--------------------------------------------------------------------------------

[38;2;8;121;144m┌────────────────────────────────────────────────────────────────────────────┐[m
[38;2;8;121;144m│[m[48;2;3;40;48m                                      [m[48;2;3;40;48m                                      [m[38;2;8;121;144m│[m
[38;2;8;121;144m│[m[48;2;3;40;48m                  [m[1;38;2;110;223;246;48;2;3;40;48mStarting update of env file from source[m[48;2;3;40;48m                   [m[38;2;8;121;144m│[m
[38;2;8;121;144m│[m[48;2;3;40;48m                                      [m[48;2;3;40;48m                                      [m[38;2;8;121;144m│[m
[38;2;8;121;144m└────────────────────────────────────────────────────────────────────────────┘[m
[38;2;110;223;246m[m
Looking for source configuration
[38;2;117;183;152m  Found source via [dottie/source] annotation in file [38;2;110;168;254m__TMP__/tmp.env[m[m

Copying source from [38;2;110;168;254mtests/default.source[m
[38;2;117;183;152m  OK[m
[38;2;117;183;152m[m
Loading and parsing source
[38;2;117;183;152m  OK[m
[38;2;117;183;152m[m
Updating source with key/value pairs from [38;2;110;168;254m__TMP__/tmp.env[m

[38;2;117;183;152m  [KEY][m was successfully set to [38;2;110;168;254m[user][m[38;2;110;168;254m[m
[38;2;117;183;152m  [ENABLED_IN_USER_FILE][m was successfully set to [38;2;110;168;254m[user][m[38;2;110;168;254m[m
[38;2;117;183;152m  [DISABLED_IN_SOURCE_ENABLED_IN_USER_FILE_SAME_VALUE][m was successfully set to [38;2;110;168;254m[value][m[38;2;110;168;254m[m

Backing up [38;2;110;168;254m__TMP__/tmp.env[m to [38;2;110;168;254m/tmp/dottie-test-backup.env[m[38;2;110;168;254m[m
[38;2;117;183;152m  OK[m
[38;2;117;183;152m[m
Saving the new [38;2;110;168;254m__TMP__/tmp.env[m
[38;2;117;183;152m  OK[m
[38;2;117;183;152m[m
[38;2;15;81;50m┌────────────────────────────────────────────────────────────────────────────┐[m
[38;2;15;81;50m│[m[48;2;5;27;17m                                      [m[48;2;5;27;17m                                      [m[38;2;15;81;50m│[m
[38;2;15;81;50m│[m[48;2;5;27;17m                       [m[1;38;2;117;183;152;48;2;5;27;17mUpdate successfully completed[m[48;2;5;27;17m                        [m[38;2;15;81;50m│[m
[38;2;15;81;50m│[m[48;2;5;27;17m                                      [m[48;2;5;27;17m                                      [m[38;2;15;81;50m│[m
[38;2;15;81;50m└────────────────────────────────────────────────────────────────────────────┘[m
