┌──────────────────────────────────────────────────────────────────────────────────────────────────┐
│                                                                                                  │
│                                 Groups in tests/single-group.env                                 │
│                                                                                                  │
└──────────────────────────────────────────────────────────────────────────────────────────────────┘
my-group   (tests/single-group.env:2)
