--------------------------------------------------------------------------------
- Output of command from line 1 in [tests/literal.run]:
- [value KEY_B]
--------------------------------------------------------------------------------

(no output to stderr)

--------------------------------------------------------------------------------
- Output of command from line 2 in [tests/literal.run]:
- [value KEY_B --literal]
--------------------------------------------------------------------------------

(no output to stderr)
