--------------------------------------------------------------------------------
- Output of command from line 1 in [tests/quiet-default.run]:
- [exec]
--------------------------------------------------------------------------------

Running exec command for assignment [ OUTPUT ]

All exec commands completed successfully
File successfully saved
