--------------------------------------------------------------------------------
- Output of command from line 1 in [tests/ignore-rule.run]:
- [update --source tests/ignore-rule.source --ignore-rule number --no-backup]
--------------------------------------------------------------------------------

┌──────────────────────────────────────────────────────────────────────────────┐
│                                                                              │
│                   Starting update of env file from source                    │
│                                                                              │
└──────────────────────────────────────────────────────────────────────────────┘

Looking for source configuration
  Found source via CLI flag

Copying source from tests/ignore-rule.source
  OK

Loading and parsing source
  OK

Updating source with key/value pairs from __TMP__/tmp.env

  [NUMBER_KEY] was successfully set to [abc]

Saving the new __TMP__/tmp.env
  OK

┌──────────────────────────────────────────────────────────────────────────────┐
│                                                                              │
│                        Update successfully completed                         │
│                                                                              │
└──────────────────────────────────────────────────────────────────────────────┘
