--------------------------------------------------------------------------------
- Output of command from line 1 in [tests/disable-key-b.run]:
- [disable KEY_B]
--------------------------------------------------------------------------------

[38;2;117;183;152m[38;2;117;183;152mKey [ KEY_B ] was successfully disabled[m[m
