--------------------------------------------------------------------------------
- Output of command from line 1 in [tests/no-annotations.run]:
- [exec]
--------------------------------------------------------------------------------


All exec commands completed successfully
File successfully saved
