--------------------------------------------------------------------------------
- Output of command from line 1 in [tests/missing-arg.run]:
- [value]
--------------------------------------------------------------------------------

Error: accepts 1 arg(s), received 0
Run 'dottie value --help' for usage.

(Command exited with error)