--------------------------------------------------------------------------------
- Output of command from line 1 in [tests/skip-if-exists.run]:
- [set --skip-if-exists SOME_KEY=SUCCESS]
--------------------------------------------------------------------------------

(no output to stderr)

--------------------------------------------------------------------------------
- Output of command from line 2 in [tests/skip-if-exists.run]:
- [set --skip-if-exists SOME_KEY=ERROR; THE VALUE MUST NOT CHANGE]
--------------------------------------------------------------------------------

WARNING: Key [ SOME_KEY ] was skipped: the key already exists in the document (SkipIfExists)
