--------------------------------------------------------------------------------
- Output of command from line 1 in [tests/skip-if-exists.run]:
- [set --skip-if-exists SOME_KEY=SUCCESS]
--------------------------------------------------------------------------------

(no output to stderr)

--------------------------------------------------------------------------------
- Output of command from line 2 in [tests/skip-if-exists.run]:
- [set --skip-if-exists SOME_KEY=ERROR; THE VALUE MUST NOT CHANGE]
--------------------------------------------------------------------------------

[38;2;255;218;106mWARNING: Key [ SOME_KEY ] was skipped: [m[38;2;255;218;106mthe key already exists in the document (SkipIfExists)[m
