--------------------------------------------------------------------------------
- Output of command from line 1 in [tests/with-disabled.run]:
- [print --no-color]
--------------------------------------------------------------------------------

(no output to stderr)

--------------------------------------------------------------------------------
- Output of command from line 2 in [tests/with-disabled.run]:
- [print --with-disabled]
--------------------------------------------------------------------------------

(no output to stderr)
