--------------------------------------------------------------------------------
- Output of command from line 1 in [tests/multiple-groups.run]:
- [groups]
--------------------------------------------------------------------------------

[38;2;8;121;144m┌────────────────────────────────────────────────────────────────────────────┐[m
[38;2;8;121;144m│[m[48;2;3;40;48m                                      [m[48;2;3;40;48m                                      [m[38;2;8;121;144m│[m
[38;2;8;121;144m│[m[48;2;3;40;48m                    [m[1;38;2;110;223;246;48;2;3;40;48mGroups in tests/multiple-groups.env[m[48;2;3;40;48m                     [m[38;2;8;121;144m│[m
[38;2;8;121;144m│[m[48;2;3;40;48m                                      [m[48;2;3;40;48m                                      [m[38;2;8;121;144m│[m
[38;2;8;121;144m└────────────────────────────────────────────────────────────────────────────┘[m
[38;2;110;168;254m[38;2;110;168;254mmy-first-group   [m[m[38;2;110;168;254m [m[38;2;185;189;193m[38;2;185;189;193m(tests/multiple-groups.env:2)[m[m
[38;2;110;168;254m[38;2;110;168;254mmy-second-group  [m[m[38;2;110;168;254m [m[38;2;185;189;193m[38;2;185;189;193m(tests/multiple-groups.env:13)[m[m
[38;2;110;168;254m[38;2;110;168;254mmy-third-group   [m[m[38;2;110;168;254m [m[38;2;185;189;193m[38;2;185;189;193m(tests/multiple-groups.env:17)[m[m
