---- exec command line 0: [groups]
┌──────────────────────────────────────────────────────────────────────────────────────────────────┐
│                                                                                                  │
│                               Groups in tests/multiple-groups.env                                │
│                                                                                                  │
└──────────────────────────────────────────────────────────────────────────────────────────────────┘
my-first-group    (tests/multiple-groups.env:2)
my-second-group   (tests/multiple-groups.env:13)
my-third-group    (tests/multiple-groups.env:17)
